2026-08-01T21:44:16.276+06:00  INFO 32026 --- [Hello Spring Boot] [restartedMain] o.e.h.HelloSpringBootApplication         : Starting HelloSpringBootApplication using Java 26.0.1 with PID 32026 (/home/phantom/Siam/University/Advance-Java-Practice/Hello Spring Boot (1)/target/classes started by phantom in /home/phantom/Siam/University/Advance-Java-Practice/Hello Spring Boot (1))
2026-08-01T21:44:16.276+06:00  INFO 32026 --- [Hello Spring Boot] [restartedMain] o.e.h.HelloSpringBootApplication         : No active profile set, falling back to 1 default profile: "default"
2026-08-01T21:44:16.327+06:00  INFO 32026 --- [Hello Spring Boot] [restartedMain] o.s.boot.tomcat.TomcatWebServer          : Tomcat initialized with port 8080 (http)
2026-08-01T21:44:16.328+06:00  INFO 32026 --- [Hello Spring Boot] [restartedMain] o.apache.catalina.core.StandardService   : Starting service [Tomcat]
2026-08-01T21:44:16.328+06:00  INFO 32026 --- [Hello Spring Boot] [restartedMain] o.apache.catalina.core.StandardEngine    : Starting Servlet engine: [Apache Tomcat/11.0.22]
2026-08-01T21:44:16.331+06:00  INFO 32026 --- [Hello Spring Boot] [restartedMain] b.w.c.s.WebApplicationContextInitializer : Root WebApplicationContext: initialization completed in 54 ms
2026-08-01T21:44:16.344+06:00  INFO 32026 --- [Hello Spring Boot] [restartedMain] o.s.b.w.a.WelcomePageHandlerMapping      : Adding welcome page: class path resource [static/index.html]
2026-08-01T21:44:16.374+06:00  INFO 32026 --- [Hello Spring Boot] [restartedMain] o.s.boot.tomcat.TomcatWebServer          : Tomcat started on port 8080 (http) with context path '/'
2026-08-01T21:44:16.376+06:00  INFO 32026 --- [Hello Spring Boot] [restartedMain] o.e.h.HelloSpringBootApplication         : Started HelloSpringBootApplication in 0.13 seconds (process running for 1604.781)
2026-08-01T21:44:16.376+06:00  INFO 32026 --- [Hello Spring Boot] [restartedMain] .ConditionEvaluationDeltaLoggingListener : Condition evaluation unchanged
2026-08-01T21:44:33.781+06:00  INFO 32026 --- [Hello Spring Boot] [File Watcher] rtingClassPathChangeChangedEventListener : Restarting due to 1 class path change (0 additions, 0 deletions, 1 modification)
2026-08-01T21:44:33.782+06:00  INFO 32026 --- [Hello Spring Boot] [Thread-65] o.s.boot.tomcat.GracefulShutdown         : Commencing graceful shutdown. Waiting for active requests to complete
2026-08-01T21:44:33.783+06:00  INFO 32026 --- [Hello Spring Boot] [tomcat-shutdown] o.s.boot.tomcat.GracefulShutdown         : Graceful shutdown complete
2026-08-01T21:45:23.461+06:00  INFO 32026 --- [Hello Spring Boot] [restartedMain] o.e.h.HelloSpringBootApplication         : Starting HelloSpringBootApplication using Java 26.0.1 with PID 32026 (/home/phantom/Siam/University/Advance-Java-Practice/Hello Spring Boot (1)/target/classes started by phantom in /home/phantom/Siam/University/Advance-Java-Practice/Hello Spring Boot (1))
2026-08-01T21:45:23.461+06:00  INFO 32026 --- [Hello Spring Boot] [restartedMain] o.e.h.HelloSpringBootApplication         : No active profile set, falling back to 1 default profile: "default"
2026-08-01T21:45:23.524+06:00  INFO 32026 --- [Hello Spring Boot] [restartedMain] o.s.boot.tomcat.TomcatWebServer          : Tomcat initialized with port 8080 (http)
2026-08-01T21:45:23.525+06:00  INFO 32026 --- [Hello Spring Boot] [restartedMain] o.apache.catalina.core.StandardService   : Starting service [Tomcat]
2026-08-01T21:45:23.526+06:00  INFO 32026 --- [Hello Spring Boot] [restartedMain] o.apache.catalina.core.StandardEngine    : Starting Servlet engine: [Apache Tomcat/11.0.22]
2026-08-01T21:45:23.529+06:00  INFO 32026 --- [Hello Spring Boot] [restartedMain] b.w.c.s.WebApplicationContextInitializer : Root WebApplicationContext: initialization completed in 66 ms
2026-08-01T21:45:23.541+06:00  INFO 32026 --- [Hello Spring Boot] [restartedMain] o.s.b.w.a.WelcomePageHandlerMapping      : Adding welcome page: class path resource [static/index.html]
2026-08-01T21:45:23.575+06:00  INFO 32026 --- [Hello Spring Boot] [restartedMain] o.s.boot.tomcat.TomcatWebServer          : Tomcat started on port 8080 (http) with context path '/'
2026-08-01T21:45:23.576+06:00  INFO 32026 --- [Hello Spring Boot] [restartedMain] o.e.h.HelloSpringBootApplication         : Started HelloSpringBootApplication in 0.127 seconds (process running for 1671.981)
2026-08-01T21:45:23.577+06:00  INFO 32026 --- [Hello Spring Boot] [restartedMain] .ConditionEvaluationDeltaLoggingListener : Condition evaluation unchanged
2026-08-01T21:45:30.607+06:00  INFO 32026 --- [Hello Spring Boot] [http-nio-0.0.0.0-8080-exec-1] o.a.c.c.C.[Tomcat].[localhost].[/]       : Initializing Spring DispatcherServlet 'dispatcherServlet'
2026-08-01T21:45:30.608+06:00  INFO 32026 --- [Hello Spring Boot] [http-nio-0.0.0.0-8080-exec-1] o.s.web.servlet.DispatcherServlet        : Initializing Servlet 'dispatcherServlet'
2026-08-01T21:45:30.608+06:00  INFO 32026 --- [Hello Spring Boot] [http-nio-0.0.0.0-8080-exec-1] o.s.web.servlet.DispatcherServlet        : Completed initialization in 0 ms
2026-08-01T21:45:30.610+06:00  INFO 32026 --- [Hello Spring Boot] [http-nio-0.0.0.0-8080-exec-1] o.e.h.controller.indexController         : Contact information Contact(name=fahim, email=mdsiam9234@gmail.com, message=efwe)
2026-08-01T22:51:55.436+06:00  INFO 32026 --- [Hello Spring Boot] [File Watcher] rtingClassPathChangeChangedEventListener : Restarting due to 2 class path changes (0 additions, 0 deletions, 2 modifications)
2026-08-01T22:51:55.445+06:00  INFO 32026 --- [Hello Spring Boot] [Thread-73] o.s.boot.tomcat.GracefulShutdown         : Commencing graceful shutdown. Waiting for active requests to complete
2026-08-01T22:51:55.447+06:00  INFO 32026 --- [Hello Spring Boot] [tomcat-shutdown] o.s.boot.tomcat.GracefulShutdown         : Graceful shutdown complete
2026-08-01T22:51:55.507+06:00  INFO 32026 --- [Hello Spring Boot] [restartedMain] o.e.h.HelloSpringBootApplication         : Starting HelloSpringBootApplication using Java 26.0.1 with PID 32026 (/home/phantom/Siam/University/Advance-Java-Practice/Hello Spring Boot (1)/target/classes started by phantom in /home/phantom/Siam/University/Advance-Java-Practice/Hello Spring Boot (1))
2026-08-01T22:51:55.508+06:00  INFO 32026 --- [Hello Spring Boot] [restartedMain] o.e.h.HelloSpringBootApplication         : No active profile set, falling back to 1 default profile: "default"
2026-08-01T22:51:55.580+06:00  INFO 32026 --- [Hello Spring Boot] [restartedMain] o.s.boot.tomcat.TomcatWebServer          : Tomcat initialized with port 8080 (http)
2026-08-01T22:51:55.582+06:00  INFO 32026 --- [Hello Spring Boot] [restartedMain] o.apache.catalina.core.StandardService   : Starting service [Tomcat]
2026-08-01T22:51:55.582+06:00  INFO 32026 --- [Hello Spring Boot] [restartedMain] o.apache.catalina.core.StandardEngine    : Starting Servlet engine: [Apache Tomcat/11.0.22]
2026-08-01T22:51:55.586+06:00  INFO 32026 --- [Hello Spring Boot] [restartedMain] b.w.c.s.WebApplicationContextInitializer : Root WebApplicationContext: initialization completed in 77 ms
2026-08-01T22:51:55.598+06:00  INFO 32026 --- [Hello Spring Boot] [restartedMain] o.s.b.w.a.WelcomePageHandlerMapping      : Adding welcome page: class path resource [static/index.html]
2026-08-01T22:51:55.631+06:00  INFO 32026 --- [Hello Spring Boot] [restartedMain] o.s.boot.tomcat.TomcatWebServer          : Tomcat started on port 8080 (http) with context path '/'
2026-08-01T22:51:55.632+06:00  INFO 32026 --- [Hello Spring Boot] [restartedMain] o.e.h.HelloSpringBootApplication         : Started HelloSpringBootApplication in 0.143 seconds (process running for 5664.038)
2026-08-01T22:51:55.633+06:00  INFO 32026 --- [Hello Spring Boot] [restartedMain] .ConditionEvaluationDeltaLoggingListener : Condition evaluation unchanged
2026-08-01T22:51:55.708+06:00  INFO 32026 --- [Hello Spring Boot] [http-nio-0.0.0.0-8080-exec-1] o.a.c.c.C.[Tomcat].[localhost].[/]       : Initializing Spring DispatcherServlet 'dispatcherServlet'
2026-08-01T22:51:55.708+06:00  INFO 32026 --- [Hello Spring Boot] [http-nio-0.0.0.0-8080-exec-1] o.s.web.servlet.DispatcherServlet        : Initializing Servlet 'dispatcherServlet'
2026-08-01T22:51:55.709+06:00  INFO 32026 --- [Hello Spring Boot] [http-nio-0.0.0.0-8080-exec-1] o.s.web.servlet.DispatcherServlet        : Completed initialization in 1 ms
2026-08-01T22:51:55.714+06:00  WARN 32026 --- [Hello Spring Boot] [http-nio-0.0.0.0-8080-exec-1] .w.s.m.s.DefaultHandlerExceptionResolver : Resolved [org.springframework.web.HttpRequestMethodNotSupportedException: Request method 'POST' is not supported]
2026-08-01T22:52:06.817+06:00  WARN 32026 --- [Hello Spring Boot] [http-nio-0.0.0.0-8080-exec-2] .w.s.m.s.DefaultHandlerExceptionResolver : Resolved [org.springframework.web.HttpRequestMethodNotSupportedException: Request method 'GET' is not supported]
2026-08-01T22:53:24.216+06:00  WARN 32026 --- [Hello Spring Boot] [http-nio-0.0.0.0-8080-exec-5] .w.s.m.s.DefaultHandlerExceptionResolver : Resolved [org.springframework.web.HttpRequestMethodNotSupportedException: Request method 'GET' is not supported]
2026-08-01T22:53:40.464+06:00  INFO 32026 --- [Hello Spring Boot] [SpringApplicationShutdownHook] o.s.boot.tomcat.GracefulShutdown         : Commencing graceful shutdown. Waiting for active requests to complete
2026-08-01T22:53:40.465+06:00  INFO 32026 --- [Hello Spring Boot] [tomcat-shutdown] o.s.boot.tomcat.GracefulShutdown         : Graceful shutdown complete
2026-08-01T22:53:42.704+06:00  INFO 37064 --- [Hello Spring Boot] [restartedMain] o.e.h.HelloSpringBootApplication         : Starting HelloSpringBootApplication using Java 26.0.1 with PID 37064 (/home/phantom/Siam/University/Advance-Java-Practice/Hello Spring Boot (1)/target/classes started by phantom in /home/phantom/Siam/University/Advance-Java-Practice/Hello Spring Boot (1))
2026-08-01T22:53:42.708+06:00  INFO 37064 --- [Hello Spring Boot] [restartedMain] o.e.h.HelloSpringBootApplication         : No active profile set, falling back to 1 default profile: "default"
2026-08-01T22:53:42.765+06:00  INFO 37064 --- [Hello Spring Boot] [restartedMain] .e.DevToolsPropertyDefaultsPostProcessor : Devtools property defaults active! Set 'spring.devtools.add-properties' to 'false' to disable
2026-08-01T22:53:42.765+06:00  INFO 37064 --- [Hello Spring Boot] [restartedMain] .e.DevToolsPropertyDefaultsPostProcessor : For additional web related logging consider setting the 'logging.level.web' property to 'DEBUG'
2026-08-01T22:53:43.385+06:00  INFO 37064 --- [Hello Spring Boot] [restartedMain] o.s.boot.tomcat.TomcatWebServer          : Tomcat initialized with port 8080 (http)
2026-08-01T22:53:43.393+06:00  INFO 37064 --- [Hello Spring Boot] [restartedMain] o.apache.catalina.core.StandardService   : Starting service [Tomcat]
2026-08-01T22:53:43.393+06:00  INFO 37064 --- [Hello Spring Boot] [restartedMain] o.apache.catalina.core.StandardEngine    : Starting Servlet engine: [Apache Tomcat/11.0.22]
2026-08-01T22:53:43.410+06:00  INFO 37064 --- [Hello Spring Boot] [restartedMain] b.w.c.s.WebApplicationContextInitializer : Root WebApplicationContext: initialization completed in 644 ms
2026-08-01T22:53:43.477+06:00  INFO 37064 --- [Hello Spring Boot] [restartedMain] o.s.b.w.a.WelcomePageHandlerMapping      : Adding welcome page: class path resource [static/index.html]
2026-08-01T22:53:43.669+06:00  INFO 37064 --- [Hello Spring Boot] [restartedMain] o.s.boot.tomcat.TomcatWebServer          : Tomcat started on port 8080 (http) with context path '/'
2026-08-01T22:53:43.673+06:00  INFO 37064 --- [Hello Spring Boot] [restartedMain] o.e.h.HelloSpringBootApplication         : Started HelloSpringBootApplication in 1.47 seconds (process running for 2.33)
2026-08-01T22:53:46.762+06:00  INFO 37064 --- [Hello Spring Boot] [http-nio-0.0.0.0-8080-exec-1] o.a.c.c.C.[Tomcat].[localhost].[/]       : Initializing Spring DispatcherServlet 'dispatcherServlet'
2026-08-01T22:53:46.762+06:00  INFO 37064 --- [Hello Spring Boot] [http-nio-0.0.0.0-8080-exec-1] o.s.web.servlet.DispatcherServlet        : Initializing Servlet 'dispatcherServlet'
2026-08-01T22:53:46.763+06:00  INFO 37064 --- [Hello Spring Boot] [http-nio-0.0.0.0-8080-exec-1] o.s.web.servlet.DispatcherServlet        : Completed initialization in 1 ms
2026-08-01T22:53:46.775+06:00  WARN 37064 --- [Hello Spring Boot] [http-nio-0.0.0.0-8080-exec-1] .w.s.m.s.DefaultHandlerExceptionResolver : Resolved [org.springframework.web.HttpRequestMethodNotSupportedException: Request method 'GET' is not supported]
2026-08-01T22:53:48.063+06:00  WARN 37064 --- [Hello Spring Boot] [http-nio-0.0.0.0-8080-exec-2] .w.s.m.s.DefaultHandlerExceptionResolver : Resolved [org.springframework.web.HttpRequestMethodNotSupportedException: Request method 'GET' is not supported]
2026-08-01T22:53:48.955+06:00  WARN 37064 --- [Hello Spring Boot] [http-nio-0.0.0.0-8080-exec-3] .w.s.m.s.DefaultHandlerExceptionResolver : Resolved [org.springframework.web.HttpRequestMethodNotSupportedException: Request method 'GET' is not supported]
2026-08-01T22:54:27.084+06:00  INFO 37064 --- [Hello Spring Boot] [File Watcher] rtingClassPathChangeChangedEventListener : Restarting due to 1 class path change (0 additions, 1 deletion, 0 modifications)
2026-08-01T22:54:27.088+06:00  INFO 37064 --- [Hello Spring Boot] [Thread-1] o.s.boot.tomcat.GracefulShutdown         : Commencing graceful shutdown. Waiting for active requests to complete
2026-08-01T22:54:27.090+06:00  INFO 37064 --- [Hello Spring Boot] [tomcat-shutdown] o.s.boot.tomcat.GracefulShutdown         : Graceful shutdown complete
2026-08-01T22:54:27.153+06:00  INFO 37064 --- [Hello Spring Boot] [restartedMain] o.e.h.HelloSpringBootApplication         : Starting HelloSpringBootApplication using Java 26.0.1 with PID 37064 (/home/phantom/Siam/University/Advance-Java-Practice/Hello Spring Boot (1)/target/classes started by phantom in /home/phantom/Siam/University/Advance-Java-Practice/Hello Spring Boot (1))
2026-08-01T22:54:27.154+06:00  INFO 37064 --- [Hello Spring Boot] [restartedMain] o.e.h.HelloSpringBootApplication         : No active profile set, falling back to 1 default profile: "default"
2026-08-01T22:54:27.307+06:00  INFO 37064 --- [Hello Spring Boot] [restartedMain] o.s.boot.tomcat.TomcatWebServer          : Tomcat initialized with port 8080 (http)
2026-08-01T22:54:27.308+06:00  INFO 37064 --- [Hello Spring Boot] [restartedMain] o.apache.catalina.core.StandardService   : Starting service [Tomcat]
2026-08-01T22:54:27.308+06:00  INFO 37064 --- [Hello Spring Boot] [restartedMain] o.apache.catalina.core.StandardEngine    : Starting Servlet engine: [Apache Tomcat/11.0.22]
2026-08-01T22:54:27.314+06:00  INFO 37064 --- [Hello Spring Boot] [restartedMain] b.w.c.s.WebApplicationContextInitializer : Root WebApplicationContext: initialization completed in 158 ms
2026-08-01T22:54:27.330+06:00  INFO 37064 --- [Hello Spring Boot] [restartedMain] o.s.b.w.a.WelcomePageHandlerMapping      : Adding welcome page: class path resource [static/index.html]
2026-08-01T22:54:27.399+06:00  INFO 37064 --- [Hello Spring Boot] [restartedMain] o.s.boot.tomcat.TomcatWebServer          : Tomcat started on port 8080 (http) with context path '/'
2026-08-01T22:54:27.402+06:00  INFO 37064 --- [Hello Spring Boot] [restartedMain] o.e.h.HelloSpringBootApplication         : Started HelloSpringBootApplication in 0.27 seconds (process running for 46.059)
2026-08-01T22:54:27.405+06:00  INFO 37064 --- [Hello Spring Boot] [restartedMain] .ConditionEvaluationDeltaLoggingListener : Condition evaluation unchanged
2026-08-01T22:54:28.790+06:00  INFO 37064 --- [Hello Spring Boot] [File Watcher] rtingClassPathChangeChangedEventListener : Restarting due to 1 class path change (1 addition, 0 deletions, 0 modifications)
2026-08-01T22:54:28.791+06:00  INFO 37064 --- [Hello Spring Boot] [Thread-5] o.s.boot.tomcat.GracefulShutdown         : Commencing graceful shutdown. Waiting for active requests to complete
2026-08-01T22:54:28.791+06:00  INFO 37064 --- [Hello Spring Boot] [tomcat-shutdown] o.s.boot.tomcat.GracefulShutdown         : Graceful shutdown complete
2026-08-01T22:54:28.845+06:00  INFO 37064 --- [Hello Spring Boot] [restartedMain] o.e.h.HelloSpringBootApplication         : Starting HelloSpringBootApplication using Java 26.0.1 with PID 37064 (/home/phantom/Siam/University/Advance-Java-Practice/Hello Spring Boot (1)/target/classes started by phantom in /home/phantom/Siam/University/Advance-Java-Practice/Hello Spring Boot (1))
2026-08-01T22:54:28.845+06:00  INFO 37064 --- [Hello Spring Boot] [restartedMain] o.e.h.HelloSpringBootApplication         : No active profile set, falling back to 1 default profile: "default"
2026-08-01T22:54:28.944+06:00  INFO 37064 --- [Hello Spring Boot] [restartedMain] o.s.boot.tomcat.TomcatWebServer          : Tomcat initialized with port 8080 (http)
2026-08-01T22:54:28.945+06:00  INFO 37064 --- [Hello Spring Boot] [restartedMain] o.apache.catalina.core.StandardService   : Starting service [Tomcat]
2026-08-01T22:54:28.945+06:00  INFO 37064 --- [Hello Spring Boot] [restartedMain] o.apache.catalina.core.StandardEngine    : Starting Servlet engine: [Apache Tomcat/11.0.22]
2026-08-01T22:54:28.950+06:00  INFO 37064 --- [Hello Spring Boot] [restartedMain] b.w.c.s.WebApplicationContextInitializer : Root WebApplicationContext: initialization completed in 103 ms
2026-08-01T22:54:28.966+06:00  INFO 37064 --- [Hello Spring Boot] [restartedMain] o.s.b.w.a.WelcomePageHandlerMapping      : Adding welcome page: class path resource [static/index.html]
2026-08-01T22:54:29.014+06:00  INFO 37064 --- [Hello Spring Boot] [restartedMain] o.s.boot.tomcat.TomcatWebServer          : Tomcat started on port 8080 (http) with context path '/'
2026-08-01T22:54:29.018+06:00  INFO 37064 --- [Hello Spring Boot] [restartedMain] o.e.h.HelloSpringBootApplication         : Started HelloSpringBootApplication in 0.189 seconds (process running for 47.675)
2026-08-01T22:54:29.019+06:00  INFO 37064 --- [Hello Spring Boot] [restartedMain] .ConditionEvaluationDeltaLoggingListener : Condition evaluation unchanged
2026-08-01T22:54:33.887+06:00  INFO 37064 --- [Hello Spring Boot] [http-nio-0.0.0.0-8080-exec-1] o.a.c.c.C.[Tomcat].[localhost].[/]       : Initializing Spring DispatcherServlet 'dispatcherServlet'
2026-08-01T22:54:33.888+06:00  INFO 37064 --- [Hello Spring Boot] [http-nio-0.0.0.0-8080-exec-1] o.s.web.servlet.DispatcherServlet        : Initializing Servlet 'dispatcherServlet'
2026-08-01T22:54:33.891+06:00  INFO 37064 --- [Hello Spring Boot] [http-nio-0.0.0.0-8080-exec-1] o.s.web.servlet.DispatcherServlet        : Completed initialization in 1 ms
2026-08-01T22:54:40.297+06:00  INFO 37064 --- [Hello Spring Boot] [http-nio-0.0.0.0-8080-exec-2] o.e.h.controller.indexController         : Contact information Contact(name=Md. Siam, email=muhammad.siam.tech@gmail.com, message=sdds)
2026-08-01T23:55:26.869+06:00  INFO 37064 --- [Hello Spring Boot] [http-nio-0.0.0.0-8080-exec-7] o.e.h.controller.indexController         : Contact information Contact(name=MD RAKIBUL ISLAM, email=mdsiam9234@gmail.com, message=dd)
2026-08-01T23:56:40.043+06:00  INFO 37064 --- [Hello Spring Boot] [File Watcher] rtingClassPathChangeChangedEventListener : Restarting due to 1 class path change (0 additions, 1 deletion, 0 modifications)
2026-08-01T23:56:40.044+06:00  INFO 37064 --- [Hello Spring Boot] [Thread-9] o.s.boot.tomcat.GracefulShutdown         : Commencing graceful shutdown. Waiting for active requests to complete
2026-08-01T23:56:40.045+06:00  INFO 37064 --- [Hello Spring Boot] [tomcat-shutdown] o.s.boot.tomcat.GracefulShutdown         : Graceful shutdown complete
2026-08-01T23:56:40.103+06:00  INFO 37064 --- [Hello Spring Boot] [restartedMain] o.e.h.HelloSpringBootApplication         : Starting HelloSpringBootApplication using Java 26.0.1 with PID 37064 (/home/phantom/Siam/University/Advance-Java-Practice/Hello Spring Boot (1)/target/classes started by phantom in /home/phantom/Siam/University/Advance-Java-Practice/Hello Spring Boot (1))
2026-08-01T23:56:40.103+06:00  INFO 37064 --- [Hello Spring Boot] [restartedMain] o.e.h.HelloSpringBootApplication         : No active profile set, falling back to 1 default profile: "default"
2026-08-01T23:56:40.218+06:00  INFO 37064 --- [Hello Spring Boot] [restartedMain] o.s.boot.tomcat.TomcatWebServer          : Tomcat initialized with port 8080 (http)
2026-08-01T23:56:40.221+06:00  INFO 37064 --- [Hello Spring Boot] [restartedMain] o.apache.catalina.core.StandardService   : Starting service [Tomcat]
2026-08-01T23:56:40.222+06:00  INFO 37064 --- [Hello Spring Boot] [restartedMain] o.apache.catalina.core.StandardEngine    : Starting Servlet engine: [Apache Tomcat/11.0.22]
2026-08-01T23:56:40.230+06:00  INFO 37064 --- [Hello Spring Boot] [restartedMain] b.w.c.s.WebApplicationContextInitializer : Root WebApplicationContext: initialization completed in 124 ms
2026-08-01T23:56:40.272+06:00  INFO 37064 --- [Hello Spring Boot] [restartedMain] o.s.b.w.a.WelcomePageHandlerMapping      : Adding welcome page: class path resource [static/index.html]
2026-08-01T23:56:40.338+06:00  INFO 37064 --- [Hello Spring Boot] [restartedMain] o.s.boot.tomcat.TomcatWebServer          : Tomcat started on port 8080 (http) with context path '/'
2026-08-01T23:56:40.340+06:00  INFO 37064 --- [Hello Spring Boot] [restartedMain] o.e.h.HelloSpringBootApplication         : Started HelloSpringBootApplication in 0.256 seconds (process running for 3139.234)
2026-08-01T23:56:40.341+06:00  INFO 37064 --- [Hello Spring Boot] [restartedMain] .ConditionEvaluationDeltaLoggingListener : Condition evaluation unchanged
2026-08-01T23:56:41.731+06:00  INFO 37064 --- [Hello Spring Boot] [File Watcher] rtingClassPathChangeChangedEventListener : Restarting due to 1 class path change (1 addition, 0 deletions, 0 modifications)
2026-08-01T23:56:41.732+06:00  INFO 37064 --- [Hello Spring Boot] [Thread-13] o.s.boot.tomcat.GracefulShutdown         : Commencing graceful shutdown. Waiting for active requests to complete
2026-08-01T23:56:41.733+06:00  INFO 37064 --- [Hello Spring Boot] [tomcat-shutdown] o.s.boot.tomcat.GracefulShutdown         : Graceful shutdown complete
2026-08-01T23:56:41.784+06:00  INFO 37064 --- [Hello Spring Boot] [restartedMain] o.e.h.HelloSpringBootApplication         : Starting HelloSpringBootApplication using Java 26.0.1 with PID 37064 (/home/phantom/Siam/University/Advance-Java-Practice/Hello Spring Boot (1)/target/classes started by phantom in /home/phantom/Siam/University/Advance-Java-Practice/Hello Spring Boot (1))
2026-08-01T23:56:41.785+06:00  INFO 37064 --- [Hello Spring Boot] [restartedMain] o.e.h.HelloSpringBootApplication         : No active profile set, falling back to 1 default profile: "default"
2026-08-01T23:56:41.879+06:00  INFO 37064 --- [Hello Spring Boot] [restartedMain] o.s.boot.tomcat.TomcatWebServer          : Tomcat initialized with port 8080 (http)
2026-08-01T23:56:41.880+06:00  INFO 37064 --- [Hello Spring Boot] [restartedMain] o.apache.catalina.core.StandardService   : Starting service [Tomcat]
2026-08-01T23:56:41.880+06:00  INFO 37064 --- [Hello Spring Boot] [restartedMain] o.apache.catalina.core.StandardEngine    : Starting Servlet engine: [Apache Tomcat/11.0.22]
2026-08-01T23:56:41.884+06:00  INFO 37064 --- [Hello Spring Boot] [restartedMain] b.w.c.s.WebApplicationContextInitializer : Root WebApplicationContext: initialization completed in 98 ms
2026-08-01T23:56:41.895+06:00  INFO 37064 --- [Hello Spring Boot] [restartedMain] o.s.b.w.a.WelcomePageHandlerMapping      : Adding welcome page: class path resource [static/index.html]
2026-08-01T23:56:41.926+06:00  INFO 37064 --- [Hello Spring Boot] [restartedMain] o.s.boot.tomcat.TomcatWebServer          : Tomcat started on port 8080 (http) with context path '/'
2026-08-01T23:56:41.928+06:00  INFO 37064 --- [Hello Spring Boot] [restartedMain] o.e.h.HelloSpringBootApplication         : Started HelloSpringBootApplication in 0.16 seconds (process running for 3140.821)
2026-08-01T23:56:41.928+06:00  INFO 37064 --- [Hello Spring Boot] [restartedMain] .ConditionEvaluationDeltaLoggingListener : Condition evaluation unchanged
2026-08-01T23:56:53.328+06:00  INFO 37064 --- [Hello Spring Boot] [File Watcher] rtingClassPathChangeChangedEventListener : Restarting due to 1 class path change (0 additions, 1 deletion, 0 modifications)
2026-08-01T23:56:53.330+06:00  INFO 37064 --- [Hello Spring Boot] [Thread-17] o.s.boot.tomcat.GracefulShutdown         : Commencing graceful shutdown. Waiting for active requests to complete
2026-08-01T23:56:53.331+06:00  INFO 37064 --- [Hello Spring Boot] [tomcat-shutdown] o.s.boot.tomcat.GracefulShutdown         : Graceful shutdown complete
2026-08-01T23:56:53.417+06:00  INFO 37064 --- [Hello Spring Boot] [restartedMain] o.e.h.HelloSpringBootApplication         : Starting HelloSpringBootApplication using Java 26.0.1 with PID 37064 (/home/phantom/Siam/University/Advance-Java-Practice/Hello Spring Boot (1)/target/classes started by phantom in /home/phantom/Siam/University/Advance-Java-Practice/Hello Spring Boot (1))
2026-08-01T23:56:53.417+06:00  INFO 37064 --- [Hello Spring Boot] [restartedMain] o.e.h.HelloSpringBootApplication         : No active profile set, falling back to 1 default profile: "default"
2026-08-01T23:56:53.568+06:00  INFO 37064 --- [Hello Spring Boot] [restartedMain] o.s.boot.tomcat.TomcatWebServer          : Tomcat initialized with port 8080 (http)
2026-08-01T23:56:53.569+06:00  INFO 37064 --- [Hello Spring Boot] [restartedMain] o.apache.catalina.core.StandardService   : Starting service [Tomcat]
2026-08-01T23:56:53.569+06:00  INFO 37064 --- [Hello Spring Boot] [restartedMain] o.apache.catalina.core.StandardEngine    : Starting Servlet engine: [Apache Tomcat/11.0.22]
2026-08-01T23:56:53.575+06:00  INFO 37064 --- [Hello Spring Boot] [restartedMain] b.w.c.s.WebApplicationContextInitializer : Root WebApplicationContext: initialization completed in 155 ms
2026-08-01T23:56:53.600+06:00  INFO 37064 --- [Hello Spring Boot] [restartedMain] o.s.b.w.a.WelcomePageHandlerMapping      : Adding welcome page: class path resource [static/index.html]
2026-08-01T23:56:53.669+06:00  INFO 37064 --- [Hello Spring Boot] [restartedMain] o.s.boot.tomcat.TomcatWebServer          : Tomcat started on port 8080 (http) with context path '/'
2026-08-01T23:56:53.672+06:00  INFO 37064 --- [Hello Spring Boot] [restartedMain] o.e.h.HelloSpringBootApplication         : Started HelloSpringBootApplication in 0.283 seconds (process running for 3152.565)
2026-08-01T23:56:53.673+06:00  INFO 37064 --- [Hello Spring Boot] [restartedMain] .ConditionEvaluationDeltaLoggingListener : Condition evaluation unchanged
2026-08-01T23:56:55.048+06:00  INFO 37064 --- [Hello Spring Boot] [File Watcher] rtingClassPathChangeChangedEventListener : Restarting due to 1 class path change (1 addition, 0 deletions, 0 modifications)
2026-08-01T23:56:55.049+06:00  INFO 37064 --- [Hello Spring Boot] [Thread-21] o.s.boot.tomcat.GracefulShutdown         : Commencing graceful shutdown. Waiting for active requests to complete
2026-08-01T23:56:55.051+06:00  INFO 37064 --- [Hello Spring Boot] [tomcat-shutdown] o.s.boot.tomcat.GracefulShutdown         : Graceful shutdown complete
2026-08-01T23:56:55.141+06:00  INFO 37064 --- [Hello Spring Boot] [restartedMain] o.e.h.HelloSpringBootApplication         : Starting HelloSpringBootApplication using Java 26.0.1 with PID 37064 (/home/phantom/Siam/University/Advance-Java-Practice/Hello Spring Boot (1)/target/classes started by phantom in /home/phantom/Siam/University/Advance-Java-Practice/Hello Spring Boot (1))
2026-08-01T23:56:55.141+06:00  INFO 37064 --- [Hello Spring Boot] [restartedMain] o.e.h.HelloSpringBootApplication         : No active profile set, falling back to 1 default profile: "default"
2026-08-01T23:56:55.230+06:00  INFO 37064 --- [Hello Spring Boot] [restartedMain] o.s.boot.tomcat.TomcatWebServer          : Tomcat initialized with port 8080 (http)
2026-08-01T23:56:55.231+06:00  INFO 37064 --- [Hello Spring Boot] [restartedMain] o.apache.catalina.core.StandardService   : Starting service [Tomcat]
2026-08-01T23:56:55.231+06:00  INFO 37064 --- [Hello Spring Boot] [restartedMain] o.apache.catalina.core.StandardEngine    : Starting Servlet engine: [Apache Tomcat/11.0.22]
2026-08-01T23:56:55.235+06:00  INFO 37064 --- [Hello Spring Boot] [restartedMain] b.w.c.s.WebApplicationContextInitializer : Root WebApplicationContext: initialization completed in 92 ms
2026-08-01T23:56:55.247+06:00  INFO 37064 --- [Hello Spring Boot] [restartedMain] o.s.b.w.a.WelcomePageHandlerMapping      : Adding welcome page: class path resource [static/index.html]
2026-08-01T23:56:55.288+06:00  INFO 37064 --- [Hello Spring Boot] [restartedMain] o.s.boot.tomcat.TomcatWebServer          : Tomcat started on port 8080 (http) with context path '/'
2026-08-01T23:56:55.291+06:00  INFO 37064 --- [Hello Spring Boot] [restartedMain] o.e.h.HelloSpringBootApplication         : Started HelloSpringBootApplication in 0.169 seconds (process running for 3154.184)
2026-08-01T23:56:55.292+06:00  INFO 37064 --- [Hello Spring Boot] [restartedMain] .ConditionEvaluationDeltaLoggingListener : Condition evaluation unchanged
2026-08-01T23:57:02.702+06:00  INFO 37064 --- [Hello Spring Boot] [http-nio-0.0.0.0-8080-exec-1] o.a.c.c.C.[Tomcat].[localhost].[/]       : Initializing Spring DispatcherServlet 'dispatcherServlet'
2026-08-01T23:57:02.703+06:00  INFO 37064 --- [Hello Spring Boot] [http-nio-0.0.0.0-8080-exec-1] o.s.web.servlet.DispatcherServlet        : Initializing Servlet 'dispatcherServlet'
2026-08-01T23:57:02.704+06:00  INFO 37064 --- [Hello Spring Boot] [http-nio-0.0.0.0-8080-exec-1] o.s.web.servlet.DispatcherServlet        : Completed initialization in 1 ms
2026-08-01T23:57:02.710+06:00  INFO 37064 --- [Hello Spring Boot] [http-nio-0.0.0.0-8080-exec-1] o.e.h.controller.indexController         : Contact information Contact(name=saiful, email=mdsiam9234@gmail.com, message=ss)
2026-08-01T23:57:10.617+06:00  INFO 37064 --- [Hello Spring Boot] [http-nio-0.0.0.0-8080-exec-3] o.e.h.controller.indexController         : Contact information Contact(name=ss, email=muhammad.siam.tech@gmail.com, message=ss)
